// Jest Snapshot v1, https://goo.gl/fbAQLP

exports[`<ErrorSign /> should match with the snapshot 1`] = `
<div
  className="error-circle"
>
  <div>
    X
  </div>
</div>
`;
