// Jest Snapshot v1, https://goo.gl/fbAQLP

exports[`<InfoMessage /> should match the snapshot 1`] = `
<div
  className="infoMessage"
>
  <h3>
    Message
  </h3>
</div>
`;
